1	1	0	486
1	1	1	301
1	1	2	470.401
1	1	3	228
1	1	4	3257.5
1	1	5	1510.46
1	1	6	596
1	0	7	0.111035
1	1	8	356
1	1	10	529286
1	1	11	2676
1	1	12	51
1	1	13	566
1	1	14	19680
1	1	15	1120
1	1	16	0
1	1	17	80
1	1	18	24
1	1	19	207
1	1	20	0
1	1	22	0
1	1	23	0
1	1	24	0
1	1	25	782
1	1	21	72.058
